Archive member included to satisfy reference by file (symbol)

/Users/nicolasdubus/Downloads/CEG4166FreeRTOSProjects/FreeRTOS801/Release/libFreeRTOS801.a(serial.o)
                              ./lcd/lcd.o (xSerialPort)
/Users/nicolasdubus/Downloads/CEG4166FreeRTOSProjects/FreeRTOS801/Release/libFreeRTOS801.a(heap_4.o)
                              /Users/nicolasdubus/Downloads/CEG4166FreeRTOSProjects/FreeRTOS801/Release/libFreeRTOS801.a(serial.o) (pvPortMalloc)
/Users/nicolasdubus/Downloads/CEG4166FreeRTOSProjects/FreeRTOS801/Release/libFreeRTOS801.a(tasks.o)
                              ./main.o (vTaskStartScheduler)
/Users/nicolasdubus/Downloads/CEG4166FreeRTOSProjects/FreeRTOS801/Release/libFreeRTOS801.a(port.o)
                              /Users/nicolasdubus/Downloads/CEG4166FreeRTOSProjects/FreeRTOS801/Release/libFreeRTOS801.a(tasks.o) (pxPortInitialiseStack)
/Users/nicolasdubus/Downloads/CEG4166FreeRTOSProjects/FreeRTOS801/Release/libFreeRTOS801.a(system_tick.o)
                              /Users/nicolasdubus/Downloads/CEG4166FreeRTOSProjects/FreeRTOS801/Release/libFreeRTOS801.a(port.o) (system_tick)
/Users/nicolasdubus/Downloads/CEG4166FreeRTOSProjects/FreeRTOS801/Release/libFreeRTOS801.a(system_time.o)
                              /Users/nicolasdubus/Downloads/CEG4166FreeRTOSProjects/FreeRTOS801/Release/libFreeRTOS801.a(system_tick.o) (__system_time)
/Users/nicolasdubus/Downloads/CEG4166FreeRTOSProjects/FreeRTOS801/Release/libFreeRTOS801.a(list.o)
                              /Users/nicolasdubus/Downloads/CEG4166FreeRTOSProjects/FreeRTOS801/Release/libFreeRTOS801.a(tasks.o) (vListInitialise)
/Users/nicolasdubus/Downloads/CEG4166FreeRTOSProjects/FreeRTOS801/Release/libFreeRTOS801.a(runtTimeStatsTimer.o)
                              /Users/nicolasdubus/Downloads/CEG4166FreeRTOSProjects/FreeRTOS801/Release/libFreeRTOS801.a(tasks.o) (xconfigTimerForRunTimeStats)
/Applications/Arduino.app/Contents/Java/hardware/tools/avr/bin/../lib/gcc/avr/4.8.1/avr6/libgcc.a(_udivmodsi4.o)
                              /Users/nicolasdubus/Downloads/CEG4166FreeRTOSProjects/FreeRTOS801/Release/libFreeRTOS801.a(serial.o) (__udivmodsi4)
/Applications/Arduino.app/Contents/Java/hardware/tools/avr/bin/../lib/gcc/avr/4.8.1/avr6/libgcc.a(_exit.o)
                              /Applications/Arduino.app/Contents/Java/hardware/tools/avr/bin/../lib/gcc/avr/4.8.1/../../../../avr/lib/avr6/crtm2560.o (exit)
/Applications/Arduino.app/Contents/Java/hardware/tools/avr/bin/../lib/gcc/avr/4.8.1/avr6/libgcc.a(_copy_data.o)
                              ./lcd/lcd.o (__do_copy_data)
/Applications/Arduino.app/Contents/Java/hardware/tools/avr/bin/../lib/gcc/avr/4.8.1/avr6/libgcc.a(_clear_bss.o)
                              ./main.o (__do_clear_bss)
/Applications/Arduino.app/Contents/Java/hardware/tools/avr/bin/../lib/gcc/avr/4.8.1/avr6/libgcc.a(_prologue.o)
                              ./lcd/lcd.o (__prologue_saves__)
/Applications/Arduino.app/Contents/Java/hardware/tools/avr/bin/../lib/gcc/avr/4.8.1/avr6/libgcc.a(_epilogue.o)
                              ./lcd/lcd.o (__epilogue_restores__)
/Applications/Arduino.app/Contents/Java/hardware/tools/avr/bin/../lib/gcc/avr/4.8.1/../../../../avr/lib/avr6/libc.a(strlen_P.o)
                              /Users/nicolasdubus/Downloads/CEG4166FreeRTOSProjects/FreeRTOS801/Release/libFreeRTOS801.a(serial.o) (__strlen_P)
/Applications/Arduino.app/Contents/Java/hardware/tools/avr/bin/../lib/gcc/avr/4.8.1/../../../../avr/lib/avr6/libc.a(memset.o)
                              /Users/nicolasdubus/Downloads/CEG4166FreeRTOSProjects/FreeRTOS801/Release/libFreeRTOS801.a(tasks.o) (memset)
/Applications/Arduino.app/Contents/Java/hardware/tools/avr/bin/../lib/gcc/avr/4.8.1/../../../../avr/lib/avr6/libc.a(sprintf.o)
                              /Users/nicolasdubus/Downloads/CEG4166FreeRTOSProjects/FreeRTOS801/Release/libFreeRTOS801.a(tasks.o) (sprintf)
/Applications/Arduino.app/Contents/Java/hardware/tools/avr/bin/../lib/gcc/avr/4.8.1/../../../../avr/lib/avr6/libc.a(vsnprintf.o)
                              /Users/nicolasdubus/Downloads/CEG4166FreeRTOSProjects/FreeRTOS801/Release/libFreeRTOS801.a(serial.o) (vsnprintf)
/Applications/Arduino.app/Contents/Java/hardware/tools/avr/bin/../lib/gcc/avr/4.8.1/../../../../avr/lib/avr6/libc.a(vsnprintf_p.o)
                              /Users/nicolasdubus/Downloads/CEG4166FreeRTOSProjects/FreeRTOS801/Release/libFreeRTOS801.a(serial.o) (vsnprintf_P)
/Applications/Arduino.app/Contents/Java/hardware/tools/avr/bin/../lib/gcc/avr/4.8.1/../../../../avr/lib/avr6/libc.a(vfprintf_std.o)
                              /Applications/Arduino.app/Contents/Java/hardware/tools/avr/bin/../lib/gcc/avr/4.8.1/../../../../avr/lib/avr6/libc.a(sprintf.o) (vfprintf)
/Applications/Arduino.app/Contents/Java/hardware/tools/avr/bin/../lib/gcc/avr/4.8.1/../../../../avr/lib/avr6/libc.a(strnlen_P.o)
                              /Applications/Arduino.app/Contents/Java/hardware/tools/avr/bin/../lib/gcc/avr/4.8.1/../../../../avr/lib/avr6/libc.a(vfprintf_std.o) (strnlen_P)
/Applications/Arduino.app/Contents/Java/hardware/tools/avr/bin/../lib/gcc/avr/4.8.1/../../../../avr/lib/avr6/libc.a(strnlen.o)
                              /Applications/Arduino.app/Contents/Java/hardware/tools/avr/bin/../lib/gcc/avr/4.8.1/../../../../avr/lib/avr6/libc.a(vfprintf_std.o) (strnlen)
/Applications/Arduino.app/Contents/Java/hardware/tools/avr/bin/../lib/gcc/avr/4.8.1/../../../../avr/lib/avr6/libc.a(fputc.o)
                              /Applications/Arduino.app/Contents/Java/hardware/tools/avr/bin/../lib/gcc/avr/4.8.1/../../../../avr/lib/avr6/libc.a(vfprintf_std.o) (fputc)
/Applications/Arduino.app/Contents/Java/hardware/tools/avr/bin/../lib/gcc/avr/4.8.1/../../../../avr/lib/avr6/libc.a(ultoa_invert.o)
                              /Applications/Arduino.app/Contents/Java/hardware/tools/avr/bin/../lib/gcc/avr/4.8.1/../../../../avr/lib/avr6/libc.a(vfprintf_std.o) (__ultoa_invert)

Allocating common symbols
Common symbol       size              file

xSerialPort         0x20              /Users/nicolasdubus/Downloads/CEG4166FreeRTOSProjects/FreeRTOS801/Release/libFreeRTOS801.a(serial.o)
usartfda            0x2               ./main.o
usartfdb            0x2               ./main.o
xSerial1Port        0x20              /Users/nicolasdubus/Downloads/CEG4166FreeRTOSProjects/FreeRTOS801/Release/libFreeRTOS801.a(serial.o)
__system_time       0x4               /Users/nicolasdubus/Downloads/CEG4166FreeRTOSProjects/FreeRTOS801/Release/libFreeRTOS801.a(system_time.o)

Memory Configuration

Name             Origin             Length             Attributes
text             0x00000000         0x00100000         xr
data             0x00800200         0x0000fe00         rw !x
eeprom           0x00810000         0x00010000         rw !x
fuse             0x00820000         0x00000400         rw !x
lock             0x00830000         0x00000400         rw !x
signature        0x00840000         0x00000400         rw !x
*default*        0x00000000         0xffffffff

Linker script and memory map

Address of section .data set to 0x800200
LOAD /Applications/Arduino.app/Contents/Java/hardware/tools/avr/bin/../lib/gcc/avr/4.8.1/../../../../avr/lib/avr6/crtm2560.o
LOAD ./lcd/lcd.o
LOAD ./main.o
LOAD /Users/nicolasdubus/Downloads/CEG4166FreeRTOSProjects/FreeRTOS801/Release/libFreeRTOS801.a
LOAD /Applications/Arduino.app/Contents/Java/hardware/tools/avr/bin/../lib/gcc/avr/4.8.1/../../../../avr/lib/avr6/libm.a
LOAD /Applications/Arduino.app/Contents/Java/hardware/tools/avr/bin/../lib/gcc/avr/4.8.1/../../../../avr/lib/avr6/libprintf_flt.a
LOAD /Users/nicolasdubus/Downloads/CEG4166FreeRTOSProjects/FreeRTOS801/Release/libFreeRTOS801.a
LOAD /Users/nicolasdubus/Downloads/CEG4166FreeRTOSProjects/CEG4166_RTS_Lib/Release/libCEG4166_RTS_Lib.a
START GROUP
LOAD /Applications/Arduino.app/Contents/Java/hardware/tools/avr/bin/../lib/gcc/avr/4.8.1/avr6/libgcc.a
LOAD /Applications/Arduino.app/Contents/Java/hardware/tools/avr/bin/../lib/gcc/avr/4.8.1/../../../../avr/lib/avr6/libm.a
LOAD /Applications/Arduino.app/Contents/Java/hardware/tools/avr/bin/../lib/gcc/avr/4.8.1/../../../../avr/lib/avr6/libc.a
END GROUP

.hash
 *(.hash)

.dynsym
 *(.dynsym)

.dynstr
 *(.dynstr)

.gnu.version
 *(.gnu.version)

.gnu.version_d
 *(.gnu.version_d)

.gnu.version_r
 *(.gnu.version_r)

.rel.init
 *(.rel.init)

.rela.init
 *(.rela.init)

.rel.text
 *(.rel.text)
 *(.rel.text.*)
 *(.rel.gnu.linkonce.t*)

.rela.text
 *(.rela.text)
 *(.rela.text.*)
 *(.rela.gnu.linkonce.t*)

.rel.fini
 *(.rel.fini)

.rela.fini
 *(.rela.fini)

.rel.rodata
 *(.rel.rodata)
 *(.rel.rodata.*)
 *(.rel.gnu.linkonce.r*)

.rela.rodata
 *(.rela.rodata)
 *(.rela.rodata.*)
 *(.rela.gnu.linkonce.r*)

.rel.data
 *(.rel.data)
 *(.rel.data.*)
 *(.rel.gnu.linkonce.d*)

.rela.data
 *(.rela.data)
 *(.rela.data.*)
 *(.rela.gnu.linkonce.d*)

.rel.ctors
 *(.rel.ctors)

.rela.ctors
 *(.rela.ctors)

.rel.dtors
 *(.rel.dtors)

.rela.dtors
 *(.rela.dtors)

.rel.got
 *(.rel.got)

.rela.got
 *(.rela.got)

.rel.bss
 *(.rel.bss)

.rela.bss
 *(.rela.bss)

.rel.plt
 *(.rel.plt)

.rela.plt
 *(.rela.plt)

.text           0x00000000     0x563a
 *(.vectors)
 .vectors       0x00000000       0xe4 /Applications/Arduino.app/Contents/Java/hardware/tools/avr/bin/../lib/gcc/avr/4.8.1/../../../../avr/lib/avr6/crtm2560.o
                0x00000000                __vectors
                0x00000000                __vector_default
 *(.vectors)
 *(.progmem.gcc*)
                0x000000e4                . = ALIGN (0x2)
                0x000000e4                __trampolines_start = .
 *(.trampolines)
 .trampolines   0x000000e4       0x60 linker stubs
 *(.trampolines*)
                0x00000144                __trampolines_end = .
 *(.progmem*)
 .progmem.data.__c.2373
                0x00000144        0x3 ./lcd/lcd.o
 .progmem.data.__c.2368
                0x00000147        0x3 ./lcd/lcd.o
 .progmem.data.__c.2366
                0x0000014a        0x3 ./lcd/lcd.o
 .progmem.data.__c.2354
                0x0000014d       0x18 ./lcd/lcd.o
                0x00000166                . = ALIGN (0x2)
 *fill*         0x00000165        0x1 
 *(.jumptables)
 *(.jumptables*)
 *(.lowtext)
 .lowtext       0x00000166      0x306 /Users/nicolasdubus/Downloads/CEG4166FreeRTOSProjects/FreeRTOS801/Release/libFreeRTOS801.a(tasks.o)
 *(.lowtext*)
                0x0000046c                __ctors_start = .
 *(.ctors)
                0x0000046c                __ctors_end = .
                0x0000046c                __dtors_start = .
 *(.dtors)
                0x0000046c                __dtors_end = .
 SORT(*)(.ctors)
 SORT(*)(.dtors)
 *(.init0)
 .init0         0x0000046c        0x0 /Applications/Arduino.app/Contents/Java/hardware/tools/avr/bin/../lib/gcc/avr/4.8.1/../../../../avr/lib/avr6/crtm2560.o
                0x0000046c                __init
 *(.init0)
 *(.init1)
 *(.init1)
 *(.init2)
 .init2         0x0000046c       0x10 /Applications/Arduino.app/Contents/Java/hardware/tools/avr/bin/../lib/gcc/avr/4.8.1/../../../../avr/lib/avr6/crtm2560.o
 *(.init2)
 *(.init3)
 *(.init3)
 *(.init4)
 .init4         0x0000047c       0x1a /Applications/Arduino.app/Contents/Java/hardware/tools/avr/bin/../lib/gcc/avr/4.8.1/avr6/libgcc.a(_copy_data.o)
                0x0000047c                __do_copy_data
 .init4         0x00000496       0x10 /Applications/Arduino.app/Contents/Java/hardware/tools/avr/bin/../lib/gcc/avr/4.8.1/avr6/libgcc.a(_clear_bss.o)
                0x00000496                __do_clear_bss
 *(.init4)
 *(.init5)
 *(.init5)
 *(.init6)
 *(.init6)
 *(.init7)
 *(.init7)
 *(.init8)
 *(.init8)
 *(.init9)
 .init9         0x000004a6        0x8 /Applications/Arduino.app/Contents/Java/hardware/tools/avr/bin/../lib/gcc/avr/4.8.1/../../../../avr/lib/avr6/crtm2560.o
 *(.init9)
 *(.text)
 .text          0x000004ae        0x4 /Applications/Arduino.app/Contents/Java/hardware/tools/avr/bin/../lib/gcc/avr/4.8.1/../../../../avr/lib/avr6/crtm2560.o
                0x000004ae                __vector_42
                0x000004ae                __vector_22
                0x000004ae                __vector_28
                0x000004ae                __vector_1
                0x000004ae                __vector_34
                0x000004ae                __vector_24
                0x000004ae                __vector_12
                0x000004ae                __vector_55
                0x000004ae                __vector_46
                0x000004ae                __bad_interrupt
                0x000004ae                __vector_6
                0x000004ae                __vector_31
                0x000004ae                __vector_35
                0x000004ae                __vector_39
                0x000004ae                __vector_3
                0x000004ae                __vector_23
                0x000004ae                __vector_30
                0x000004ae                __vector_45
                0x000004ae                __vector_11
                0x000004ae                __vector_54
                0x000004ae                __vector_13
                0x000004ae                __vector_17
                0x000004ae                __vector_19
                0x000004ae                __vector_56
                0x000004ae                __vector_7
                0x000004ae                __vector_49
                0x000004ae                __vector_41
                0x000004ae                __vector_43
                0x000004ae                __vector_27
                0x000004ae                __vector_5
                0x000004ae                __vector_33
                0x000004ae                __vector_47
                0x000004ae                __vector_52
                0x000004ae                __vector_4
                0x000004ae                __vector_44
                0x000004ae                __vector_51
                0x000004ae                __vector_9
                0x000004ae                __vector_2
                0x000004ae                __vector_21
                0x000004ae                __vector_15
                0x000004ae                __vector_29
                0x000004ae                __vector_40
                0x000004ae                __vector_8
                0x000004ae                __vector_48
                0x000004ae                __vector_14
                0x000004ae                __vector_53
                0x000004ae                __vector_10
                0x000004ae                __vector_50
                0x000004ae                __vector_16
                0x000004ae                __vector_18
                0x000004ae                __vector_20
                0x000004ae                __vector_38
 .text          0x000004b2        0x0 ./lcd/lcd.o
 .text          0x000004b2        0x0 ./main.o
 .text          0x000004b2        0x0 /Users/nicolasdubus/Downloads/CEG4166FreeRTOSProjects/FreeRTOS801/Release/libFreeRTOS801.a(serial.o)
 .text          0x000004b2        0x0 /Users/nicolasdubus/Downloads/CEG4166FreeRTOSProjects/FreeRTOS801/Release/libFreeRTOS801.a(heap_4.o)
 .text          0x000004b2        0x0 /Users/nicolasdubus/Downloads/CEG4166FreeRTOSProjects/FreeRTOS801/Release/libFreeRTOS801.a(tasks.o)
 .text          0x000004b2        0x0 /Users/nicolasdubus/Downloads/CEG4166FreeRTOSProjects/FreeRTOS801/Release/libFreeRTOS801.a(port.o)
 .text          0x000004b2       0x38 /Users/nicolasdubus/Downloads/CEG4166FreeRTOSProjects/FreeRTOS801/Release/libFreeRTOS801.a(system_tick.o)
                0x000004b2                system_tick
 .text          0x000004ea        0x0 /Users/nicolasdubus/Downloads/CEG4166FreeRTOSProjects/FreeRTOS801/Release/libFreeRTOS801.a(system_time.o)
 .text          0x000004ea        0x0 /Users/nicolasdubus/Downloads/CEG4166FreeRTOSProjects/FreeRTOS801/Release/libFreeRTOS801.a(list.o)
 .text          0x000004ea        0x0 /Users/nicolasdubus/Downloads/CEG4166FreeRTOSProjects/FreeRTOS801/Release/libFreeRTOS801.a(runtTimeStatsTimer.o)
 .text          0x000004ea        0x0 /Applications/Arduino.app/Contents/Java/hardware/tools/avr/bin/../lib/gcc/avr/4.8.1/avr6/libgcc.a(_udivmodsi4.o)
 .text          0x000004ea        0x0 /Applications/Arduino.app/Contents/Java/hardware/tools/avr/bin/../lib/gcc/avr/4.8.1/avr6/libgcc.a(_exit.o)
 .text          0x000004ea        0x0 /Applications/Arduino.app/Contents/Java/hardware/tools/avr/bin/../lib/gcc/avr/4.8.1/avr6/libgcc.a(_copy_data.o)
 .text          0x000004ea        0x0 /Applications/Arduino.app/Contents/Java/hardware/tools/avr/bin/../lib/gcc/avr/4.8.1/avr6/libgcc.a(_clear_bss.o)
 .text          0x000004ea        0x0 /Applications/Arduino.app/Contents/Java/hardware/tools/avr/bin/../lib/gcc/avr/4.8.1/avr6/libgcc.a(_prologue.o)
 .text          0x000004ea        0x0 /Applications/Arduino.app/Contents/Java/hardware/tools/avr/bin/../lib/gcc/avr/4.8.1/avr6/libgcc.a(_epilogue.o)
 .text          0x000004ea        0x0 /Applications/Arduino.app/Contents/Java/hardware/tools/avr/bin/../lib/gcc/avr/4.8.1/../../../../avr/lib/avr6/libc.a(strlen_P.o)
 .text          0x000004ea        0x0 /Applications/Arduino.app/Contents/Java/hardware/tools/avr/bin/../lib/gcc/avr/4.8.1/../../../../avr/lib/avr6/libc.a(memset.o)
 .text          0x000004ea        0x0 /Applications/Arduino.app/Contents/Java/hardware/tools/avr/bin/../lib/gcc/avr/4.8.1/../../../../avr/lib/avr6/libc.a(sprintf.o)
 .text          0x000004ea        0x0 /Applications/Arduino.app/Contents/Java/hardware/tools/avr/bin/../lib/gcc/avr/4.8.1/../../../../avr/lib/avr6/libc.a(vsnprintf.o)
 .text          0x000004ea        0x0 /Applications/Arduino.app/Contents/Java/hardware/tools/avr/bin/../lib/gcc/avr/4.8.1/../../../../avr/lib/avr6/libc.a(vsnprintf_p.o)
 .text          0x000004ea        0x0 /Applications/Arduino.app/Contents/Java/hardware/tools/avr/bin/../lib/gcc/avr/4.8.1/../../../../avr/lib/avr6/libc.a(vfprintf_std.o)
 .text          0x000004ea        0x0 /Applications/Arduino.app/Contents/Java/hardware/tools/avr/bin/../lib/gcc/avr/4.8.1/../../../../avr/lib/avr6/libc.a(strnlen_P.o)
 .text          0x000004ea        0x0 /Applications/Arduino.app/Contents/Java/hardware/tools/avr/bin/../lib/gcc/avr/4.8.1/../../../../avr/lib/avr6/libc.a(strnlen.o)
 .text          0x000004ea        0x0 /Applications/Arduino.app/Contents/Java/hardware/tools/avr/bin/../lib/gcc/avr/4.8.1/../../../../avr/lib/avr6/libc.a(fputc.o)
 .text          0x000004ea        0x0 /Applications/Arduino.app/Contents/Java/hardware/tools/avr/bin/../lib/gcc/avr/4.8.1/../../../../avr/lib/avr6/libc.a(ultoa_invert.o)
                0x000004ea                . = ALIGN (0x2)
 *(.text.*)
 .text.sendChar
                0x000004ea       0x50 ./lcd/lcd.o
 .text.initLCD  0x0000053a       0x5c ./lcd/lcd.o
                0x0000053a                initLCD
 .text.displayOneMessage
                0x00000596       0x4c ./lcd/lcd.o
                0x00000596                displayOneMessage
 .text.displayTwoMessages
                0x000005e2       0x70 ./lcd/lcd.o
                0x000005e2                displayTwoMessages
 .text.startup.main
                0x00000652        0xe ./main.o
                0x00000652                main
 .text.vApplicationStackOverflowHook
                0x00000660        0x6 ./main.o
                0x00000660                vApplicationStackOverflowHook
 .text.xSerialPrint
                0x00000666      0x142 /Users/nicolasdubus/Downloads/CEG4166FreeRTOSProjects/FreeRTOS801/Release/libFreeRTOS801.a(serial.o)
                0x00000666                xSerialPrint
 .text.xSerialPrintf
                0x000007a8       0x76 /Users/nicolasdubus/Downloads/CEG4166FreeRTOSProjects/FreeRTOS801/Release/libFreeRTOS801.a(serial.o)
                0x000007a8                xSerialPrintf
 .text.xSerialPrintf_P
                0x0000081e       0x76 /Users/nicolasdubus/Downloads/CEG4166FreeRTOSProjects/FreeRTOS801/Release/libFreeRTOS801.a(serial.o)
                0x0000081e                xSerialPrintf_P
 .text.xSerialPrint_P
                0x00000894      0x10c /Users/nicolasdubus/Downloads/CEG4166FreeRTOSProjects/FreeRTOS801/Release/libFreeRTOS801.a(serial.o)
                0x00000894                xSerialPrint_P
 .text.xSerialxPrint
                0x000009a0      0x14c /Users/nicolasdubus/Downloads/CEG4166FreeRTOSProjects/FreeRTOS801/Release/libFreeRTOS801.a(serial.o)
                0x000009a0                xSerialxPrint
 .text.xSerialxPrintf
                0x00000aec       0x62 /Users/nicolasdubus/Downloads/CEG4166FreeRTOSProjects/FreeRTOS801/Release/libFreeRTOS801.a(serial.o)
                0x00000aec                xSerialxPrintf
 .text.xSerialxPrintf_P
                0x00000b4e       0x62 /Users/nicolasdubus/Downloads/CEG4166FreeRTOSProjects/FreeRTOS801/Release/libFreeRTOS801.a(serial.o)
                0x00000b4e                xSerialxPrintf_P
 .text.xSerialxPrint_P
                0x00000bb0      0x140 /Users/nicolasdubus/Downloads/CEG4166FreeRTOSProjects/FreeRTOS801/Release/libFreeRTOS801.a(serial.o)
                0x00000bb0                xSerialxPrint_P
 .text.xSerialFlush
                0x00000cf0       0x4e /Users/nicolasdubus/Downloads/CEG4166FreeRTOSProjects/FreeRTOS801/Release/libFreeRTOS801.a(serial.o)
                0x00000cf0                xSerialFlush
 .text.xSerialAvailableChar
                0x00000d3e       0x12 /Users/nicolasdubus/Downloads/CEG4166FreeRTOSProjects/FreeRTOS801/Release/libFreeRTOS801.a(serial.o)
                0x00000d3e                xSerialAvailableChar
 .text.xSerialGetChar
                0x00000d50       0x54 /Users/nicolasdubus/Downloads/CEG4166FreeRTOSProjects/FreeRTOS801/Release/libFreeRTOS801.a(serial.o)
                0x00000d50                xSerialGetChar
 .text.xSerialPutChar
                0x00000da4       0xe2 /Users/nicolasdubus/Downloads/CEG4166FreeRTOSProjects/FreeRTOS801/Release/libFreeRTOS801.a(serial.o)
                0x00000da4                xSerialPutChar
 .text.xSerialPortInitMinimal
                0x00000e86      0x19c /Users/nicolasdubus/Downloads/CEG4166FreeRTOSProjects/FreeRTOS801/Release/libFreeRTOS801.a(serial.o)
                0x00000e86                xSerialPortInitMinimal
 .text.vSerialClose
                0x00001022       0x6c /Users/nicolasdubus/Downloads/CEG4166FreeRTOSProjects/FreeRTOS801/Release/libFreeRTOS801.a(serial.o)
                0x00001022                vSerialClose
 .text.avrSerialPrint
                0x0000108e       0x3e /Users/nicolasdubus/Downloads/CEG4166FreeRTOSProjects/FreeRTOS801/Release/libFreeRTOS801.a(serial.o)
                0x0000108e                avrSerialPrint
 .text.avrSerialPrintf
                0x000010cc       0x70 /Users/nicolasdubus/Downloads/CEG4166FreeRTOSProjects/FreeRTOS801/Release/libFreeRTOS801.a(serial.o)
                0x000010cc                avrSerialPrintf
 .text.avrSerialPrintf_P
                0x0000113c       0x70 /Users/nicolasdubus/Downloads/CEG4166FreeRTOSProjects/FreeRTOS801/Release/libFreeRTOS801.a(serial.o)
                0x0000113c                avrSerialPrintf_P
 .text.avrSerialPrint_P
                0x000011ac       0x44 /Users/nicolasdubus/Downloads/CEG4166FreeRTOSProjects/FreeRTOS801/Release/libFreeRTOS801.a(serial.o)
                0x000011ac                avrSerialPrint_P
 .text.avrSerialWrite
                0x000011f0       0x18 /Users/nicolasdubus/Downloads/CEG4166FreeRTOSProjects/FreeRTOS801/Release/libFreeRTOS801.a(serial.o)
                0x000011f0                avrSerialWrite
 .text.avrSerialRead
                0x00001208       0x24 /Users/nicolasdubus/Downloads/CEG4166FreeRTOSProjects/FreeRTOS801/Release/libFreeRTOS801.a(serial.o)
                0x00001208                avrSerialRead
 .text.avrSerialCheckRxComplete
                0x0000122c        0x8 /Users/nicolasdubus/Downloads/CEG4166FreeRTOSProjects/FreeRTOS801/Release/libFreeRTOS801.a(serial.o)
                0x0000122c                avrSerialCheckRxComplete
 .text.avrSerialCheckTxReady
                0x00001234        0x8 /Users/nicolasdubus/Downloads/CEG4166FreeRTOSProjects/FreeRTOS801/Release/libFreeRTOS801.a(serial.o)
                0x00001234                avrSerialCheckTxReady
 .text.avrSerialxPrint
                0x0000123c       0x6c /Users/nicolasdubus/Downloads/CEG4166FreeRTOSProjects/FreeRTOS801/Release/libFreeRTOS801.a(serial.o)
                0x0000123c                avrSerialxPrint
 .text.avrSerialxPrintf
                0x000012a8       0x66 /Users/nicolasdubus/Downloads/CEG4166FreeRTOSProjects/FreeRTOS801/Release/libFreeRTOS801.a(serial.o)
                0x000012a8                avrSerialxPrintf
 .text.avrSerialxPrintf_P
                0x0000130e       0x66 /Users/nicolasdubus/Downloads/CEG4166FreeRTOSProjects/FreeRTOS801/Release/libFreeRTOS801.a(serial.o)
                0x0000130e                avrSerialxPrintf_P
 .text.avrSerialxPrint_P
                0x00001374       0x7a /Users/nicolasdubus/Downloads/CEG4166FreeRTOSProjects/FreeRTOS801/Release/libFreeRTOS801.a(serial.o)
                0x00001374                avrSerialxPrint_P
 .text.avrSerialxWrite
                0x000013ee       0x46 /Users/nicolasdubus/Downloads/CEG4166FreeRTOSProjects/FreeRTOS801/Release/libFreeRTOS801.a(serial.o)
                0x000013ee                avrSerialxWrite
 .text.avrSerialxRead
                0x00001434       0x58 /Users/nicolasdubus/Downloads/CEG4166FreeRTOSProjects/FreeRTOS801/Release/libFreeRTOS801.a(serial.o)
                0x00001434                avrSerialxRead
 .text.avrSerialxCheckRxComplete
                0x0000148c       0x22 /Users/nicolasdubus/Downloads/CEG4166FreeRTOSProjects/FreeRTOS801/Release/libFreeRTOS801.a(serial.o)
                0x0000148c                avrSerialxCheckRxComplete
 .text.avrSerialxCheckTxReady
                0x000014ae       0x22 /Users/nicolasdubus/Downloads/CEG4166FreeRTOSProjects/FreeRTOS801/Release/libFreeRTOS801.a(serial.o)
                0x000014ae                avrSerialxCheckTxReady
 .text.__vector_25
                0x000014d0       0xa8 /Users/nicolasdubus/Downloads/CEG4166FreeRTOSProjects/FreeRTOS801/Release/libFreeRTOS801.a(serial.o)
                0x000014d0                __vector_25
 .text.__vector_26
                0x00001578       0x94 /Users/nicolasdubus/Downloads/CEG4166FreeRTOSProjects/FreeRTOS801/Release/libFreeRTOS801.a(serial.o)
                0x00001578                __vector_26
 .text.__vector_36
                0x0000160c       0xa8 /Users/nicolasdubus/Downloads/CEG4166FreeRTOSProjects/FreeRTOS801/Release/libFreeRTOS801.a(serial.o)
                0x0000160c                __vector_36
 .text.__vector_37
                0x000016b4       0x94 /Users/nicolasdubus/Downloads/CEG4166FreeRTOSProjects/FreeRTOS801/Release/libFreeRTOS801.a(serial.o)
                0x000016b4                __vector_37
 .text.hot.pvPortMalloc
                0x00001748      0x20c /Users/nicolasdubus/Downloads/CEG4166FreeRTOSProjects/FreeRTOS801/Release/libFreeRTOS801.a(heap_4.o)
                0x00001748                pvPortMalloc
 .text.hot.vPortFree
                0x00001954       0xe2 /Users/nicolasdubus/Downloads/CEG4166FreeRTOSProjects/FreeRTOS801/Release/libFreeRTOS801.a(heap_4.o)
                0x00001954                vPortFree
 .text.hot.xPortGetFreeHeapSize
                0x00001a36        0xa /Users/nicolasdubus/Downloads/CEG4166FreeRTOSProjects/FreeRTOS801/Release/libFreeRTOS801.a(heap_4.o)
                0x00001a36                xPortGetFreeHeapSize
 .text.hot.xPortGetMinimumEverFreeHeapSize
                0x00001a40        0xa /Users/nicolasdubus/Downloads/CEG4166FreeRTOSProjects/FreeRTOS801/Release/libFreeRTOS801.a(heap_4.o)
                0x00001a40                xPortGetMinimumEverFreeHeapSize
 .text.hot.vPortInitialiseBlocks
                0x00001a4a        0x2 /Users/nicolasdubus/Downloads/CEG4166FreeRTOSProjects/FreeRTOS801/Release/libFreeRTOS801.a(heap_4.o)
                0x00001a4a                vPortInitialiseBlocks
 .text.hot.prvListTaskWithinSingleList.part.1
                0x00001a4c      0x154 /Users/nicolasdubus/Downloads/CEG4166FreeRTOSProjects/FreeRTOS801/Release/libFreeRTOS801.a(tasks.o)
 .text.hot.xTaskGenericCreate
                0x00001ba0      0x20a /Users/nicolasdubus/Downloads/CEG4166FreeRTOSProjects/FreeRTOS801/Release/libFreeRTOS801.a(tasks.o)
                0x00001ba0                xTaskGenericCreate
 .text.hot.vTaskDelete
                0x00001daa       0xca /Users/nicolasdubus/Downloads/CEG4166FreeRTOSProjects/FreeRTOS801/Release/libFreeRTOS801.a(tasks.o)
                0x00001daa                vTaskDelete
 .text.hot.vTaskDelayUntil
                0x00001e74      0x358 /Users/nicolasdubus/Downloads/CEG4166FreeRTOSProjects/FreeRTOS801/Release/libFreeRTOS801.a(tasks.o)
                0x00001e74                vTaskDelayUntil
 .text.hot.vTaskDelay
                0x000021cc      0x332 /Users/nicolasdubus/Downloads/CEG4166FreeRTOSProjects/FreeRTOS801/Release/libFreeRTOS801.a(tasks.o)
                0x000021cc                vTaskDelay
 .text.hot.vTaskSuspend
                0x000024fe      0x21c /Users/nicolasdubus/Downloads/CEG4166FreeRTOSProjects/FreeRTOS801/Release/libFreeRTOS801.a(tasks.o)
                0x000024fe                vTaskSuspend
 .text.hot.vTaskResume
                0x0000271a       0xae /Users/nicolasdubus/Downloads/CEG4166FreeRTOSProjects/FreeRTOS801/Release/libFreeRTOS801.a(tasks.o)
                0x0000271a                vTaskResume
 .text.hot.xTaskResumeFromISR
                0x000027c8       0xb6 /Users/nicolasdubus/Downloads/CEG4166FreeRTOSProjects/FreeRTOS801/Release/libFreeRTOS801.a(tasks.o)
                0x000027c8                xTaskResumeFromISR
 .text.hot.vTaskStartScheduler
                0x0000287e      0x1dc /Users/nicolasdubus/Downloads/CEG4166FreeRTOSProjects/FreeRTOS801/Release/libFreeRTOS801.a(tasks.o)
                0x0000287e                vTaskStartScheduler
 .text.hot.vTaskEndScheduler
                0x00002a5a        0xc /Users/nicolasdubus/Downloads/CEG4166FreeRTOSProjects/FreeRTOS801/Release/libFreeRTOS801.a(tasks.o)
                0x00002a5a                vTaskEndScheduler
 .text.hot.vTaskSuspendAll
                0x00002a66        0xc /Users/nicolasdubus/Downloads/CEG4166FreeRTOSProjects/FreeRTOS801/Release/libFreeRTOS801.a(tasks.o)
                0x00002a66                vTaskSuspendAll
 .text.hot.xTaskResumeAll
                0x00002a72      0x292 /Users/nicolasdubus/Downloads/CEG4166FreeRTOSProjects/FreeRTOS801/Release/libFreeRTOS801.a(tasks.o)
                0x00002a72                xTaskResumeAll
 .text.hot.xTaskGetTickCount
                0x00002d04       0x14 /Users/nicolasdubus/Downloads/CEG4166FreeRTOSProjects/FreeRTOS801/Release/libFreeRTOS801.a(tasks.o)
                0x00002d04                xTaskGetTickCount
 .text.hot.xTaskGetTickCountFromISR
                0x00002d18        0xa /Users/nicolasdubus/Downloads/CEG4166FreeRTOSProjects/FreeRTOS801/Release/libFreeRTOS801.a(tasks.o)
                0x00002d18                xTaskGetTickCountFromISR
 .text.hot.uxTaskGetNumberOfTasks
                0x00002d22        0x6 /Users/nicolasdubus/Downloads/CEG4166FreeRTOSProjects/FreeRTOS801/Release/libFreeRTOS801.a(tasks.o)
                0x00002d22                uxTaskGetNumberOfTasks
 .text.uxTaskGetSystemState
                0x00002d28      0x16e /Users/nicolasdubus/Downloads/CEG4166FreeRTOSProjects/FreeRTOS801/Release/libFreeRTOS801.a(tasks.o)
                0x00002d28                uxTaskGetSystemState
 .text.hot.xTaskIncrementTick
                0x00002e96      0x1c2 /Users/nicolasdubus/Downloads/CEG4166FreeRTOSProjects/FreeRTOS801/Release/libFreeRTOS801.a(tasks.o)
                0x00002e96                xTaskIncrementTick
 .text.hot.vTaskSwitchContext
                0x00003058      0x152 /Users/nicolasdubus/Downloads/CEG4166FreeRTOSProjects/FreeRTOS801/Release/libFreeRTOS801.a(tasks.o)
                0x00003058                vTaskSwitchContext
 .text.hot.vTaskPlaceOnEventList
                0x000031aa       0xbe /Users/nicolasdubus/Downloads/CEG4166FreeRTOSProjects/FreeRTOS801/Release/libFreeRTOS801.a(tasks.o)
                0x000031aa                vTaskPlaceOnEventList
 .text.hot.vTaskPlaceOnUnorderedEventList
                0x00003268       0xcc /Users/nicolasdubus/Downloads/CEG4166FreeRTOSProjects/FreeRTOS801/Release/libFreeRTOS801.a(tasks.o)
                0x00003268                vTaskPlaceOnUnorderedEventList
 .text.hot.xTaskRemoveFromEventList
                0x00003334       0x9a /Users/nicolasdubus/Downloads/CEG4166FreeRTOSProjects/FreeRTOS801/Release/libFreeRTOS801.a(tasks.o)
                0x00003334                xTaskRemoveFromEventList
 .text.hot.xTaskRemoveFromUnorderedEventList
                0x000033ce       0x7c /Users/nicolasdubus/Downloads/CEG4166FreeRTOSProjects/FreeRTOS801/Release/libFreeRTOS801.a(tasks.o)
                0x000033ce                xTaskRemoveFromUnorderedEventList
 .text.hot.vTaskSetTimeOutState
                0x0000344a       0x16 /Users/nicolasdubus/Downloads/CEG4166FreeRTOSProjects/FreeRTOS801/Release/libFreeRTOS801.a(tasks.o)
                0x0000344a                vTaskSetTimeOutState
 .text.hot.xTaskCheckForTimeOut
                0x00003460       0x88 /Users/nicolasdubus/Downloads/CEG4166FreeRTOSProjects/FreeRTOS801/Release/libFreeRTOS801.a(tasks.o)
                0x00003460                xTaskCheckForTimeOut
 .text.hot.vTaskMissedYield
                0x000034e8        0x8 /Users/nicolasdubus/Downloads/CEG4166FreeRTOSProjects/FreeRTOS801/Release/libFreeRTOS801.a(tasks.o)
                0x000034e8                vTaskMissedYield
 .text.hot.uxTaskGetTaskNumber
                0x000034f0        0xe /Users/nicolasdubus/Downloads/CEG4166FreeRTOSProjects/FreeRTOS801/Release/libFreeRTOS801.a(tasks.o)
                0x000034f0                uxTaskGetTaskNumber
 .text.hot.vTaskSetTaskNumber
                0x000034fe        0xa /Users/nicolasdubus/Downloads/CEG4166FreeRTOSProjects/FreeRTOS801/Release/libFreeRTOS801.a(tasks.o)
                0x000034fe                vTaskSetTaskNumber
 .text.hot.uxTaskGetStackHighWaterMark
                0x00003508       0x38 /Users/nicolasdubus/Downloads/CEG4166FreeRTOSProjects/FreeRTOS801/Release/libFreeRTOS801.a(tasks.o)
                0x00003508                uxTaskGetStackHighWaterMark
 .text.hot.xTaskGetCurrentTaskHandle
                0x00003540        0xa /Users/nicolasdubus/Downloads/CEG4166FreeRTOSProjects/FreeRTOS801/Release/libFreeRTOS801.a(tasks.o)
                0x00003540                xTaskGetCurrentTaskHandle
 .text.hot.vTaskPriorityInherit
                0x0000354a       0xb8 /Users/nicolasdubus/Downloads/CEG4166FreeRTOSProjects/FreeRTOS801/Release/libFreeRTOS801.a(tasks.o)
                0x0000354a                vTaskPriorityInherit
 .text.hot.vTaskPriorityDisinherit
                0x00003602       0x72 /Users/nicolasdubus/Downloads/CEG4166FreeRTOSProjects/FreeRTOS801/Release/libFreeRTOS801.a(tasks.o)
                0x00003602                vTaskPriorityDisinherit
 .text.hot.vTaskList
                0x00003674      0x9bc /Users/nicolasdubus/Downloads/CEG4166FreeRTOSProjects/FreeRTOS801/Release/libFreeRTOS801.a(tasks.o)
                0x00003674                vTaskList
 .text.hot.vTaskGetRunTimeStats
                0x00004030      0xa18 /Users/nicolasdubus/Downloads/CEG4166FreeRTOSProjects/FreeRTOS801/Release/libFreeRTOS801.a(tasks.o)
                0x00004030                vTaskGetRunTimeStats
 .text.hot.uxTaskResetEventItemValue
                0x00004a48       0x2e /Users/nicolasdubus/Downloads/CEG4166FreeRTOSProjects/FreeRTOS801/Release/libFreeRTOS801.a(tasks.o)
                0x00004a48                uxTaskResetEventItemValue
 .text.hot.pxPortInitialiseStack
                0x00004a76       0xe4 /Users/nicolasdubus/Downloads/CEG4166FreeRTOSProjects/FreeRTOS801/Release/libFreeRTOS801.a(port.o)
                0x00004a76                pxPortInitialiseStack
 .text.hot.xPortStartScheduler
                0x00004b5a       0x92 /Users/nicolasdubus/Downloads/CEG4166FreeRTOSProjects/FreeRTOS801/Release/libFreeRTOS801.a(port.o)
                0x00004b5a                xPortStartScheduler
 .text.hot.vPortEndScheduler
                0x00004bec        0x2 /Users/nicolasdubus/Downloads/CEG4166FreeRTOSProjects/FreeRTOS801/Release/libFreeRTOS801.a(port.o)
                0x00004bec                vPortEndScheduler
 .text.vPortYield
                0x00004bee       0xc2 /Users/nicolasdubus/Downloads/CEG4166FreeRTOSProjects/FreeRTOS801/Release/libFreeRTOS801.a(port.o)
                0x00004bee                vPortYield
 .text.vPortYieldFromTick
                0x00004cb0       0xf2 /Users/nicolasdubus/Downloads/CEG4166FreeRTOSProjects/FreeRTOS801/Release/libFreeRTOS801.a(port.o)
                0x00004cb0                vPortYieldFromTick
 .text.__vector_32
                0x00004da2        0x6 /Users/nicolasdubus/Downloads/CEG4166FreeRTOSProjects/FreeRTOS801/Release/libFreeRTOS801.a(port.o)
                0x00004da2                __vector_32
 .text.vListInitialise
                0x00004da8       0x1c /Users/nicolasdubus/Downloads/CEG4166FreeRTOSProjects/FreeRTOS801/Release/libFreeRTOS801.a(list.o)
                0x00004da8                vListInitialise
 .text.vListInitialiseItem
                0x00004dc4        0x8 /Users/nicolasdubus/Downloads/CEG4166FreeRTOSProjects/FreeRTOS801/Release/libFreeRTOS801.a(list.o)
                0x00004dc4                vListInitialiseItem
 .text.vListInsertEnd
                0x00004dcc       0x42 /Users/nicolasdubus/Downloads/CEG4166FreeRTOSProjects/FreeRTOS801/Release/libFreeRTOS801.a(list.o)
                0x00004dcc                vListInsertEnd
 .text.vListInsert
                0x00004e0e       0x62 /Users/nicolasdubus/Downloads/CEG4166FreeRTOSProjects/FreeRTOS801/Release/libFreeRTOS801.a(list.o)
                0x00004e0e                vListInsert
 .text.uxListRemove
                0x00004e70       0x58 /Users/nicolasdubus/Downloads/CEG4166FreeRTOSProjects/FreeRTOS801/Release/libFreeRTOS801.a(list.o)
                0x00004e70                uxListRemove
 .text.xconfigTimerForRunTimeStats
                0x00004ec8       0x18 /Users/nicolasdubus/Downloads/CEG4166FreeRTOSProjects/FreeRTOS801/Release/libFreeRTOS801.a(runtTimeStatsTimer.o)
                0x00004ec8                xconfigTimerForRunTimeStats
 .text.libgcc.mul
                0x00004ee0        0x0 /Applications/Arduino.app/Contents/Java/hardware/tools/avr/bin/../lib/gcc/avr/4.8.1/avr6/libgcc.a(_udivmodsi4.o)
 .text.libgcc.div
                0x00004ee0       0x44 /Applications/Arduino.app/Contents/Java/hardware/tools/avr/bin/../lib/gcc/avr/4.8.1/avr6/libgcc.a(_udivmodsi4.o)
                0x00004ee0                __udivmodsi4
 .text.libgcc   0x00004f24        0x0 /Applications/Arduino.app/Contents/Java/hardware/tools/avr/bin/../lib/gcc/avr/4.8.1/avr6/libgcc.a(_udivmodsi4.o)
 .text.libgcc.prologue
                0x00004f24        0x0 /Applications/Arduino.app/Contents/Java/hardware/tools/avr/bin/../lib/gcc/avr/4.8.1/avr6/libgcc.a(_udivmodsi4.o)
 .text.libgcc.builtins
                0x00004f24        0x0 /Applications/Arduino.app/Contents/Java/hardware/tools/avr/bin/../lib/gcc/avr/4.8.1/avr6/libgcc.a(_udivmodsi4.o)
 .text.libgcc.fmul
                0x00004f24        0x0 /Applications/Arduino.app/Contents/Java/hardware/tools/avr/bin/../lib/gcc/avr/4.8.1/avr6/libgcc.a(_udivmodsi4.o)
 .text.libgcc.fixed
                0x00004f24        0x0 /Applications/Arduino.app/Contents/Java/hardware/tools/avr/bin/../lib/gcc/avr/4.8.1/avr6/libgcc.a(_udivmodsi4.o)
 .text.libgcc.mul
                0x00004f24        0x0 /Applications/Arduino.app/Contents/Java/hardware/tools/avr/bin/../lib/gcc/avr/4.8.1/avr6/libgcc.a(_exit.o)
 .text.libgcc.div
                0x00004f24        0x0 /Applications/Arduino.app/Contents/Java/hardware/tools/avr/bin/../lib/gcc/avr/4.8.1/avr6/libgcc.a(_exit.o)
 .text.libgcc   0x00004f24        0x0 /Applications/Arduino.app/Contents/Java/hardware/tools/avr/bin/../lib/gcc/avr/4.8.1/avr6/libgcc.a(_exit.o)
 .text.libgcc.prologue
                0x00004f24        0x0 /Applications/Arduino.app/Contents/Java/hardware/tools/avr/bin/../lib/gcc/avr/4.8.1/avr6/libgcc.a(_exit.o)
 .text.libgcc.builtins
                0x00004f24        0x0 /Applications/Arduino.app/Contents/Java/hardware/tools/avr/bin/../lib/gcc/avr/4.8.1/avr6/libgcc.a(_exit.o)
 .text.libgcc.fmul
                0x00004f24        0x0 /Applications/Arduino.app/Contents/Java/hardware/tools/avr/bin/../lib/gcc/avr/4.8.1/avr6/libgcc.a(_exit.o)
 .text.libgcc.fixed
                0x00004f24        0x0 /Applications/Arduino.app/Contents/Java/hardware/tools/avr/bin/../lib/gcc/avr/4.8.1/avr6/libgcc.a(_exit.o)
 .text.libgcc.mul
                0x00004f24        0x0 /Applications/Arduino.app/Contents/Java/hardware/tools/avr/bin/../lib/gcc/avr/4.8.1/avr6/libgcc.a(_copy_data.o)
 .text.libgcc.div
                0x00004f24        0x0 /Applications/Arduino.app/Contents/Java/hardware/tools/avr/bin/../lib/gcc/avr/4.8.1/avr6/libgcc.a(_copy_data.o)
 .text.libgcc   0x00004f24        0x0 /Applications/Arduino.app/Contents/Java/hardware/tools/avr/bin/../lib/gcc/avr/4.8.1/avr6/libgcc.a(_copy_data.o)
 .text.libgcc.prologue
                0x00004f24        0x0 /Applications/Arduino.app/Contents/Java/hardware/tools/avr/bin/../lib/gcc/avr/4.8.1/avr6/libgcc.a(_copy_data.o)
 .text.libgcc.builtins
                0x00004f24        0x0 /Applications/Arduino.app/Contents/Java/hardware/tools/avr/bin/../lib/gcc/avr/4.8.1/avr6/libgcc.a(_copy_data.o)
 .text.libgcc.fmul
                0x00004f24        0x0 /Applications/Arduino.app/Contents/Java/hardware/tools/avr/bin/../lib/gcc/avr/4.8.1/avr6/libgcc.a(_copy_data.o)
 .text.libgcc.fixed
                0x00004f24        0x0 /Applications/Arduino.app/Contents/Java/hardware/tools/avr/bin/../lib/gcc/avr/4.8.1/avr6/libgcc.a(_copy_data.o)
 .text.libgcc.mul
                0x00004f24        0x0 /Applications/Arduino.app/Contents/Java/hardware/tools/avr/bin/../lib/gcc/avr/4.8.1/avr6/libgcc.a(_clear_bss.o)
 .text.libgcc.div
                0x00004f24        0x0 /Applications/Arduino.app/Contents/Java/hardware/tools/avr/bin/../lib/gcc/avr/4.8.1/avr6/libgcc.a(_clear_bss.o)
 .text.libgcc   0x00004f24        0x0 /Applications/Arduino.app/Contents/Java/hardware/tools/avr/bin/../lib/gcc/avr/4.8.1/avr6/libgcc.a(_clear_bss.o)
 .text.libgcc.prologue
                0x00004f24        0x0 /Applications/Arduino.app/Contents/Java/hardware/tools/avr/bin/../lib/gcc/avr/4.8.1/avr6/libgcc.a(_clear_bss.o)
 .text.libgcc.builtins
                0x00004f24        0x0 /Applications/Arduino.app/Contents/Java/hardware/tools/avr/bin/../lib/gcc/avr/4.8.1/avr6/libgcc.a(_clear_bss.o)
 .text.libgcc.fmul
                0x00004f24        0x0 /Applications/Arduino.app/Contents/Java/hardware/tools/avr/bin/../lib/gcc/avr/4.8.1/avr6/libgcc.a(_clear_bss.o)
 .text.libgcc.fixed
                0x00004f24        0x0 /Applications/Arduino.app/Contents/Java/hardware/tools/avr/bin/../lib/gcc/avr/4.8.1/avr6/libgcc.a(_clear_bss.o)
 .text.libgcc.mul
                0x00004f24        0x0 /Applications/Arduino.app/Contents/Java/hardware/tools/avr/bin/../lib/gcc/avr/4.8.1/avr6/libgcc.a(_prologue.o)
 .text.libgcc.div
                0x00004f24        0x0 /Applications/Arduino.app/Contents/Java/hardware/tools/avr/bin/../lib/gcc/avr/4.8.1/avr6/libgcc.a(_prologue.o)
 .text.libgcc   0x00004f24        0x0 /Applications/Arduino.app/Contents/Java/hardware/tools/avr/bin/../lib/gcc/avr/4.8.1/avr6/libgcc.a(_prologue.o)
 .text.libgcc.prologue
                0x00004f24       0x38 /Applications/Arduino.app/Contents/Java/hardware/tools/avr/bin/../lib/gcc/avr/4.8.1/avr6/libgcc.a(_prologue.o)
                0x00004f24                __prologue_saves__
 .text.libgcc.builtins
                0x00004f5c        0x0 /Applications/Arduino.app/Contents/Java/hardware/tools/avr/bin/../lib/gcc/avr/4.8.1/avr6/libgcc.a(_prologue.o)
 .text.libgcc.fmul
                0x00004f5c        0x0 /Applications/Arduino.app/Contents/Java/hardware/tools/avr/bin/../lib/gcc/avr/4.8.1/avr6/libgcc.a(_prologue.o)
 .text.libgcc.fixed
                0x00004f5c        0x0 /Applications/Arduino.app/Contents/Java/hardware/tools/avr/bin/../lib/gcc/avr/4.8.1/avr6/libgcc.a(_prologue.o)
 .text.libgcc.mul
                0x00004f5c        0x0 /Applications/Arduino.app/Contents/Java/hardware/tools/avr/bin/../lib/gcc/avr/4.8.1/avr6/libgcc.a(_epilogue.o)
 .text.libgcc.div
                0x00004f5c        0x0 /Applications/Arduino.app/Contents/Java/hardware/tools/avr/bin/../lib/gcc/avr/4.8.1/avr6/libgcc.a(_epilogue.o)
 .text.libgcc   0x00004f5c        0x0 /Applications/Arduino.app/Contents/Java/hardware/tools/avr/bin/../lib/gcc/avr/4.8.1/avr6/libgcc.a(_epilogue.o)
 .text.libgcc.prologue
                0x00004f5c       0x36 /Applications/Arduino.app/Contents/Java/hardware/tools/avr/bin/../lib/gcc/avr/4.8.1/avr6/libgcc.a(_epilogue.o)
                0x00004f5c                __epilogue_restores__
 .text.libgcc.builtins
                0x00004f92        0x0 /Applications/Arduino.app/Contents/Java/hardware/tools/avr/bin/../lib/gcc/avr/4.8.1/avr6/libgcc.a(_epilogue.o)
 .text.libgcc.fmul
                0x00004f92        0x0 /Applications/Arduino.app/Contents/Java/hardware/tools/avr/bin/../lib/gcc/avr/4.8.1/avr6/libgcc.a(_epilogue.o)
 .text.libgcc.fixed
                0x00004f92        0x0 /Applications/Arduino.app/Contents/Java/hardware/tools/avr/bin/../lib/gcc/avr/4.8.1/avr6/libgcc.a(_epilogue.o)
 .text.avr-libc
                0x00004f92       0x12 /Applications/Arduino.app/Contents/Java/hardware/tools/avr/bin/../lib/gcc/avr/4.8.1/../../../../avr/lib/avr6/libc.a(strlen_P.o)
                0x00004f92                __strlen_P
 .text.avr-libc
                0x00004fa4        0xe /Applications/Arduino.app/Contents/Java/hardware/tools/avr/bin/../lib/gcc/avr/4.8.1/../../../../avr/lib/avr6/libc.a(memset.o)
                0x00004fa4                memset
 .text.avr-libc
                0x00004fb2       0x5e /Applications/Arduino.app/Contents/Java/hardware/tools/avr/bin/../lib/gcc/avr/4.8.1/../../../../avr/lib/avr6/libc.a(sprintf.o)
                0x00004fb2                sprintf
 .text.avr-libc
                0x00005010       0x72 /Applications/Arduino.app/Contents/Java/hardware/tools/avr/bin/../lib/gcc/avr/4.8.1/../../../../avr/lib/avr6/libc.a(vsnprintf.o)
                0x00005010                vsnprintf
 .text.avr-libc
                0x00005082       0x72 /Applications/Arduino.app/Contents/Java/hardware/tools/avr/bin/../lib/gcc/avr/4.8.1/../../../../avr/lib/avr6/libc.a(vsnprintf_p.o)
                0x00005082                vsnprintf_P
 .text.avr-libc
                0x000050f4      0x3f6 /Applications/Arduino.app/Contents/Java/hardware/tools/avr/bin/../lib/gcc/avr/4.8.1/../../../../avr/lib/avr6/libc.a(vfprintf_std.o)
                0x000050f4                vfprintf
 .text.avr-libc
                0x000054ea       0x16 /Applications/Arduino.app/Contents/Java/hardware/tools/avr/bin/../lib/gcc/avr/4.8.1/../../../../avr/lib/avr6/libc.a(strnlen_P.o)
                0x000054ea                strnlen_P
 .text.avr-libc
                0x00005500       0x16 /Applications/Arduino.app/Contents/Java/hardware/tools/avr/bin/../lib/gcc/avr/4.8.1/../../../../avr/lib/avr6/libc.a(strnlen.o)
                0x00005500                strnlen
 .text.avr-libc
                0x00005516       0x64 /Applications/Arduino.app/Contents/Java/hardware/tools/avr/bin/../lib/gcc/avr/4.8.1/../../../../avr/lib/avr6/libc.a(fputc.o)
                0x00005516                fputc
 .text.avr-libc
                0x0000557a       0xbc /Applications/Arduino.app/Contents/Java/hardware/tools/avr/bin/../lib/gcc/avr/4.8.1/../../../../avr/lib/avr6/libc.a(ultoa_invert.o)
                0x0000557a                __ultoa_invert
                0x00005636                . = ALIGN (0x2)
 *(.fini9)
 .fini9         0x00005636        0x0 /Applications/Arduino.app/Contents/Java/hardware/tools/avr/bin/../lib/gcc/avr/4.8.1/avr6/libgcc.a(_exit.o)
                0x00005636                exit
                0x00005636                _exit
 *(.fini9)
 *(.fini8)
 *(.fini8)
 *(.fini7)
 *(.fini7)
 *(.fini6)
 *(.fini6)
 *(.fini5)
 *(.fini5)
 *(.fini4)
 *(.fini4)
 *(.fini3)
 *(.fini3)
 *(.fini2)
 *(.fini2)
 *(.fini1)
 *(.fini1)
 *(.fini0)
 .fini0         0x00005636        0x4 /Applications/Arduino.app/Contents/Java/hardware/tools/avr/bin/../lib/gcc/avr/4.8.1/avr6/libgcc.a(_exit.o)
 *(.fini0)
                0x0000563a                _etext = .

.data           0x00800200       0x44 load address 0x0000563a
                0x00800200                PROVIDE (__data_start, .)
 *(.data)
 .data          0x00800200        0x0 /Applications/Arduino.app/Contents/Java/hardware/tools/avr/bin/../lib/gcc/avr/4.8.1/../../../../avr/lib/avr6/crtm2560.o
 .data          0x00800200        0x0 ./lcd/lcd.o
 .data          0x00800200        0x0 ./main.o
 .data          0x00800200        0x0 /Users/nicolasdubus/Downloads/CEG4166FreeRTOSProjects/FreeRTOS801/Release/libFreeRTOS801.a(serial.o)
 .data          0x00800200        0x0 /Users/nicolasdubus/Downloads/CEG4166FreeRTOSProjects/FreeRTOS801/Release/libFreeRTOS801.a(heap_4.o)
 .data          0x00800200        0x0 /Users/nicolasdubus/Downloads/CEG4166FreeRTOSProjects/FreeRTOS801/Release/libFreeRTOS801.a(tasks.o)
 .data          0x00800200        0x0 /Users/nicolasdubus/Downloads/CEG4166FreeRTOSProjects/FreeRTOS801/Release/libFreeRTOS801.a(port.o)
 .data          0x00800200        0x0 /Users/nicolasdubus/Downloads/CEG4166FreeRTOSProjects/FreeRTOS801/Release/libFreeRTOS801.a(system_tick.o)
 .data          0x00800200        0x0 /Users/nicolasdubus/Downloads/CEG4166FreeRTOSProjects/FreeRTOS801/Release/libFreeRTOS801.a(system_time.o)
 .data          0x00800200        0x0 /Users/nicolasdubus/Downloads/CEG4166FreeRTOSProjects/FreeRTOS801/Release/libFreeRTOS801.a(list.o)
 .data          0x00800200        0x0 /Users/nicolasdubus/Downloads/CEG4166FreeRTOSProjects/FreeRTOS801/Release/libFreeRTOS801.a(runtTimeStatsTimer.o)
 .data          0x00800200        0x0 /Applications/Arduino.app/Contents/Java/hardware/tools/avr/bin/../lib/gcc/avr/4.8.1/avr6/libgcc.a(_udivmodsi4.o)
 .data          0x00800200        0x0 /Applications/Arduino.app/Contents/Java/hardware/tools/avr/bin/../lib/gcc/avr/4.8.1/avr6/libgcc.a(_exit.o)
 .data          0x00800200        0x0 /Applications/Arduino.app/Contents/Java/hardware/tools/avr/bin/../lib/gcc/avr/4.8.1/avr6/libgcc.a(_copy_data.o)
 .data          0x00800200        0x0 /Applications/Arduino.app/Contents/Java/hardware/tools/avr/bin/../lib/gcc/avr/4.8.1/avr6/libgcc.a(_clear_bss.o)
 .data          0x00800200        0x0 /Applications/Arduino.app/Contents/Java/hardware/tools/avr/bin/../lib/gcc/avr/4.8.1/avr6/libgcc.a(_prologue.o)
 .data          0x00800200        0x0 /Applications/Arduino.app/Contents/Java/hardware/tools/avr/bin/../lib/gcc/avr/4.8.1/avr6/libgcc.a(_epilogue.o)
 .data          0x00800200        0x0 /Applications/Arduino.app/Contents/Java/hardware/tools/avr/bin/../lib/gcc/avr/4.8.1/../../../../avr/lib/avr6/libc.a(strlen_P.o)
 .data          0x00800200        0x0 /Applications/Arduino.app/Contents/Java/hardware/tools/avr/bin/../lib/gcc/avr/4.8.1/../../../../avr/lib/avr6/libc.a(memset.o)
 .data          0x00800200        0x0 /Applications/Arduino.app/Contents/Java/hardware/tools/avr/bin/../lib/gcc/avr/4.8.1/../../../../avr/lib/avr6/libc.a(sprintf.o)
 .data          0x00800200        0x0 /Applications/Arduino.app/Contents/Java/hardware/tools/avr/bin/../lib/gcc/avr/4.8.1/../../../../avr/lib/avr6/libc.a(vsnprintf.o)
 .data          0x00800200        0x0 /Applications/Arduino.app/Contents/Java/hardware/tools/avr/bin/../lib/gcc/avr/4.8.1/../../../../avr/lib/avr6/libc.a(vsnprintf_p.o)
 .data          0x00800200        0x0 /Applications/Arduino.app/Contents/Java/hardware/tools/avr/bin/../lib/gcc/avr/4.8.1/../../../../avr/lib/avr6/libc.a(vfprintf_std.o)
 .data          0x00800200        0x0 /Applications/Arduino.app/Contents/Java/hardware/tools/avr/bin/../lib/gcc/avr/4.8.1/../../../../avr/lib/avr6/libc.a(strnlen_P.o)
 .data          0x00800200        0x0 /Applications/Arduino.app/Contents/Java/hardware/tools/avr/bin/../lib/gcc/avr/4.8.1/../../../../avr/lib/avr6/libc.a(strnlen.o)
 .data          0x00800200        0x0 /Applications/Arduino.app/Contents/Java/hardware/tools/avr/bin/../lib/gcc/avr/4.8.1/../../../../avr/lib/avr6/libc.a(fputc.o)
 .data          0x00800200        0x0 /Applications/Arduino.app/Contents/Java/hardware/tools/avr/bin/../lib/gcc/avr/4.8.1/../../../../avr/lib/avr6/libc.a(ultoa_invert.o)
 *(.data*)
 .data.xMinimumEverFreeBytesRemaining
                0x00800200        0x2 /Users/nicolasdubus/Downloads/CEG4166FreeRTOSProjects/FreeRTOS801/Release/libFreeRTOS801.a(heap_4.o)
 .data.xFreeBytesRemaining
                0x00800202        0x2 /Users/nicolasdubus/Downloads/CEG4166FreeRTOSProjects/FreeRTOS801/Release/libFreeRTOS801.a(heap_4.o)
 .data.xNextTaskUnblockTime
                0x00800204        0x2 /Users/nicolasdubus/Downloads/CEG4166FreeRTOSProjects/FreeRTOS801/Release/libFreeRTOS801.a(tasks.o)
 *(.rodata)
 *(.rodata*)
 .rodata.CLEAR_LCD
                0x00800206        0x1 ./lcd/lcd.o
                0x00800206                CLEAR_LCD
 .rodata.SET_BOTH_ROWS
                0x00800207        0x1 ./lcd/lcd.o
                0x00800207                SET_BOTH_ROWS
 .rodata.BOTTOM_ROW
                0x00800208        0x1 ./lcd/lcd.o
                0x00800208                BOTTOM_ROW
 .rodata.TOP_ROW
                0x00800209        0x1 ./lcd/lcd.o
                0x00800209                TOP_ROW
 .rodata.START_CHAR
                0x0080020a        0x1 ./lcd/lcd.o
                0x0080020a                START_CHAR
 .rodata.str1.1
                0x0080020b       0x35 /Users/nicolasdubus/Downloads/CEG4166FreeRTOSProjects/FreeRTOS801/Release/libFreeRTOS801.a(tasks.o)
 .rodata.CSWTCH.210
                0x00800240        0x4 /Users/nicolasdubus/Downloads/CEG4166FreeRTOSProjects/FreeRTOS801/Release/libFreeRTOS801.a(tasks.o)
 *(.gnu.linkonce.d*)
                0x00800244                . = ALIGN (0x2)
                0x00800244                _edata = .
                0x00800244                PROVIDE (__data_end, .)

.bss            0x00800244     0x12be
                0x00800244                PROVIDE (__bss_start, .)
 *(.bss)
 .bss           0x00800244        0x0 /Applications/Arduino.app/Contents/Java/hardware/tools/avr/bin/../lib/gcc/avr/4.8.1/../../../../avr/lib/avr6/crtm2560.o
 .bss           0x00800244        0x0 ./lcd/lcd.o
 .bss           0x00800244        0x0 ./main.o
 .bss           0x00800244        0x0 /Users/nicolasdubus/Downloads/CEG4166FreeRTOSProjects/FreeRTOS801/Release/libFreeRTOS801.a(serial.o)
 .bss           0x00800244        0x0 /Users/nicolasdubus/Downloads/CEG4166FreeRTOSProjects/FreeRTOS801/Release/libFreeRTOS801.a(heap_4.o)
 .bss           0x00800244        0x0 /Users/nicolasdubus/Downloads/CEG4166FreeRTOSProjects/FreeRTOS801/Release/libFreeRTOS801.a(tasks.o)
 .bss           0x00800244        0x0 /Users/nicolasdubus/Downloads/CEG4166FreeRTOSProjects/FreeRTOS801/Release/libFreeRTOS801.a(port.o)
 .bss           0x00800244        0x0 /Users/nicolasdubus/Downloads/CEG4166FreeRTOSProjects/FreeRTOS801/Release/libFreeRTOS801.a(system_tick.o)
 .bss           0x00800244        0x0 /Users/nicolasdubus/Downloads/CEG4166FreeRTOSProjects/FreeRTOS801/Release/libFreeRTOS801.a(system_time.o)
 .bss           0x00800244        0x0 /Users/nicolasdubus/Downloads/CEG4166FreeRTOSProjects/FreeRTOS801/Release/libFreeRTOS801.a(list.o)
 .bss           0x00800244        0x0 /Users/nicolasdubus/Downloads/CEG4166FreeRTOSProjects/FreeRTOS801/Release/libFreeRTOS801.a(runtTimeStatsTimer.o)
 .bss           0x00800244        0x0 /Applications/Arduino.app/Contents/Java/hardware/tools/avr/bin/../lib/gcc/avr/4.8.1/avr6/libgcc.a(_udivmodsi4.o)
 .bss           0x00800244        0x0 /Applications/Arduino.app/Contents/Java/hardware/tools/avr/bin/../lib/gcc/avr/4.8.1/avr6/libgcc.a(_exit.o)
 .bss           0x00800244        0x0 /Applications/Arduino.app/Contents/Java/hardware/tools/avr/bin/../lib/gcc/avr/4.8.1/avr6/libgcc.a(_copy_data.o)
 .bss           0x00800244        0x0 /Applications/Arduino.app/Contents/Java/hardware/tools/avr/bin/../lib/gcc/avr/4.8.1/avr6/libgcc.a(_clear_bss.o)
 .bss           0x00800244        0x0 /Applications/Arduino.app/Contents/Java/hardware/tools/avr/bin/../lib/gcc/avr/4.8.1/avr6/libgcc.a(_prologue.o)
 .bss           0x00800244        0x0 /Applications/Arduino.app/Contents/Java/hardware/tools/avr/bin/../lib/gcc/avr/4.8.1/avr6/libgcc.a(_epilogue.o)
 .bss           0x00800244        0x0 /Applications/Arduino.app/Contents/Java/hardware/tools/avr/bin/../lib/gcc/avr/4.8.1/../../../../avr/lib/avr6/libc.a(strlen_P.o)
 .bss           0x00800244        0x0 /Applications/Arduino.app/Contents/Java/hardware/tools/avr/bin/../lib/gcc/avr/4.8.1/../../../../avr/lib/avr6/libc.a(memset.o)
 .bss           0x00800244        0x0 /Applications/Arduino.app/Contents/Java/hardware/tools/avr/bin/../lib/gcc/avr/4.8.1/../../../../avr/lib/avr6/libc.a(sprintf.o)
 .bss           0x00800244        0x0 /Applications/Arduino.app/Contents/Java/hardware/tools/avr/bin/../lib/gcc/avr/4.8.1/../../../../avr/lib/avr6/libc.a(vsnprintf.o)
 .bss           0x00800244        0x0 /Applications/Arduino.app/Contents/Java/hardware/tools/avr/bin/../lib/gcc/avr/4.8.1/../../../../avr/lib/avr6/libc.a(vsnprintf_p.o)
 .bss           0x00800244        0x0 /Applications/Arduino.app/Contents/Java/hardware/tools/avr/bin/../lib/gcc/avr/4.8.1/../../../../avr/lib/avr6/libc.a(vfprintf_std.o)
 .bss           0x00800244        0x0 /Applications/Arduino.app/Contents/Java/hardware/tools/avr/bin/../lib/gcc/avr/4.8.1/../../../../avr/lib/avr6/libc.a(strnlen_P.o)
 .bss           0x00800244        0x0 /Applications/Arduino.app/Contents/Java/hardware/tools/avr/bin/../lib/gcc/avr/4.8.1/../../../../avr/lib/avr6/libc.a(strnlen.o)
 .bss           0x00800244        0x0 /Applications/Arduino.app/Contents/Java/hardware/tools/avr/bin/../lib/gcc/avr/4.8.1/../../../../avr/lib/avr6/libc.a(fputc.o)
 .bss           0x00800244        0x0 /Applications/Arduino.app/Contents/Java/hardware/tools/avr/bin/../lib/gcc/avr/4.8.1/../../../../avr/lib/avr6/libc.a(ultoa_invert.o)
 *(.bss*)
 .bss.xBlockAllocatedBit
                0x00800244        0x2 /Users/nicolasdubus/Downloads/CEG4166FreeRTOSProjects/FreeRTOS801/Release/libFreeRTOS801.a(heap_4.o)
 .bss.pxEnd     0x00800246        0x2 /Users/nicolasdubus/Downloads/CEG4166FreeRTOSProjects/FreeRTOS801/Release/libFreeRTOS801.a(heap_4.o)
 .bss.xStart    0x00800248        0x4 /Users/nicolasdubus/Downloads/CEG4166FreeRTOSProjects/FreeRTOS801/Release/libFreeRTOS801.a(heap_4.o)
 .bss.ucHeap    0x0080024c     0x1200 /Users/nicolasdubus/Downloads/CEG4166FreeRTOSProjects/FreeRTOS801/Release/libFreeRTOS801.a(heap_4.o)
 .bss.ulTotalRunTime
                0x0080144c        0x4 /Users/nicolasdubus/Downloads/CEG4166FreeRTOSProjects/FreeRTOS801/Release/libFreeRTOS801.a(tasks.o)
 .bss.ulTaskSwitchedInTime
                0x00801450        0x4 /Users/nicolasdubus/Downloads/CEG4166FreeRTOSProjects/FreeRTOS801/Release/libFreeRTOS801.a(tasks.o)
 .bss.uxSchedulerSuspended
                0x00801454        0x1 /Users/nicolasdubus/Downloads/CEG4166FreeRTOSProjects/FreeRTOS801/Release/libFreeRTOS801.a(tasks.o)
 .bss.uxTaskNumber
                0x00801455        0x1 /Users/nicolasdubus/Downloads/CEG4166FreeRTOSProjects/FreeRTOS801/Release/libFreeRTOS801.a(tasks.o)
 .bss.xNumOfOverflows
                0x00801456        0x1 /Users/nicolasdubus/Downloads/CEG4166FreeRTOSProjects/FreeRTOS801/Release/libFreeRTOS801.a(tasks.o)
 .bss.xYieldPending
                0x00801457        0x1 /Users/nicolasdubus/Downloads/CEG4166FreeRTOSProjects/FreeRTOS801/Release/libFreeRTOS801.a(tasks.o)
 .bss.uxPendedTicks
                0x00801458        0x1 /Users/nicolasdubus/Downloads/CEG4166FreeRTOSProjects/FreeRTOS801/Release/libFreeRTOS801.a(tasks.o)
 .bss.xSchedulerRunning
                0x00801459        0x1 /Users/nicolasdubus/Downloads/CEG4166FreeRTOSProjects/FreeRTOS801/Release/libFreeRTOS801.a(tasks.o)
 .bss.uxTopReadyPriority
                0x0080145a        0x1 /Users/nicolasdubus/Downloads/CEG4166FreeRTOSProjects/FreeRTOS801/Release/libFreeRTOS801.a(tasks.o)
 .bss.xTickCount
                0x0080145b        0x2 /Users/nicolasdubus/Downloads/CEG4166FreeRTOSProjects/FreeRTOS801/Release/libFreeRTOS801.a(tasks.o)
 .bss.uxCurrentNumberOfTasks
                0x0080145d        0x1 /Users/nicolasdubus/Downloads/CEG4166FreeRTOSProjects/FreeRTOS801/Release/libFreeRTOS801.a(tasks.o)
 .bss.xSuspendedTaskList
                0x0080145e        0x9 /Users/nicolasdubus/Downloads/CEG4166FreeRTOSProjects/FreeRTOS801/Release/libFreeRTOS801.a(tasks.o)
 .bss.uxTasksDeleted
                0x00801467        0x1 /Users/nicolasdubus/Downloads/CEG4166FreeRTOSProjects/FreeRTOS801/Release/libFreeRTOS801.a(tasks.o)
 .bss.xTasksWaitingTermination
                0x00801468        0x9 /Users/nicolasdubus/Downloads/CEG4166FreeRTOSProjects/FreeRTOS801/Release/libFreeRTOS801.a(tasks.o)
 .bss.xPendingReadyList
                0x00801471        0x9 /Users/nicolasdubus/Downloads/CEG4166FreeRTOSProjects/FreeRTOS801/Release/libFreeRTOS801.a(tasks.o)
 .bss.pxOverflowDelayedTaskList
                0x0080147a        0x2 /Users/nicolasdubus/Downloads/CEG4166FreeRTOSProjects/FreeRTOS801/Release/libFreeRTOS801.a(tasks.o)
 .bss.pxDelayedTaskList
                0x0080147c        0x2 /Users/nicolasdubus/Downloads/CEG4166FreeRTOSProjects/FreeRTOS801/Release/libFreeRTOS801.a(tasks.o)
 .bss.xDelayedTaskList2
                0x0080147e        0x9 /Users/nicolasdubus/Downloads/CEG4166FreeRTOSProjects/FreeRTOS801/Release/libFreeRTOS801.a(tasks.o)
 .bss.xDelayedTaskList1
                0x00801487        0x9 /Users/nicolasdubus/Downloads/CEG4166FreeRTOSProjects/FreeRTOS801/Release/libFreeRTOS801.a(tasks.o)
 .bss.pxReadyTasksLists
                0x00801490       0x24 /Users/nicolasdubus/Downloads/CEG4166FreeRTOSProjects/FreeRTOS801/Release/libFreeRTOS801.a(tasks.o)
 .bss.pxCurrentTCB
                0x008014b4        0x2 /Users/nicolasdubus/Downloads/CEG4166FreeRTOSProjects/FreeRTOS801/Release/libFreeRTOS801.a(tasks.o)
                0x008014b4                pxCurrentTCB
 .bss.ticksRemainingInSec
                0x008014b6        0x2 /Users/nicolasdubus/Downloads/CEG4166FreeRTOSProjects/FreeRTOS801/Release/libFreeRTOS801.a(port.o)
 .bss.portTickRateHz
                0x008014b8        0x2 /Users/nicolasdubus/Downloads/CEG4166FreeRTOSProjects/FreeRTOS801/Release/libFreeRTOS801.a(port.o)
 *(COMMON)
 COMMON         0x008014ba        0x4 ./main.o
                0x008014ba                usartfda
                0x008014bc                usartfdb
 COMMON         0x008014be       0x40 /Users/nicolasdubus/Downloads/CEG4166FreeRTOSProjects/FreeRTOS801/Release/libFreeRTOS801.a(serial.o)
                0x008014be                xSerialPort
                0x008014de                xSerial1Port
 COMMON         0x008014fe        0x4 /Users/nicolasdubus/Downloads/CEG4166FreeRTOSProjects/FreeRTOS801/Release/libFreeRTOS801.a(system_time.o)
                0x008014fe                __system_time
                0x00801502                PROVIDE (__bss_end, .)
                0x0000563a                __data_load_start = LOADADDR (.data)
                0x0000567e                __data_load_end = (__data_load_start + SIZEOF (.data))

.noinit         0x00801502        0x0
                0x00801502                PROVIDE (__noinit_start, .)
 *(.noinit*)
                0x00801502                PROVIDE (__noinit_end, .)
                0x00801502                _end = .
                0x00801502                PROVIDE (__heap_start, .)

.eeprom         0x00810000        0x0
 *(.eeprom*)
                0x00810000                __eeprom_end = .

.fuse
 *(.fuse)
 *(.lfuse)
 *(.hfuse)
 *(.efuse)

.lock
 *(.lock*)

.signature
 *(.signature*)

.stab
 *(.stab)

.stabstr
 *(.stabstr)

.stab.excl
 *(.stab.excl)

.stab.exclstr
 *(.stab.exclstr)

.stab.index
 *(.stab.index)

.stab.indexstr
 *(.stab.indexstr)

.comment        0x00000000       0x11
 *(.comment)
 .comment       0x00000000       0x11 ./lcd/lcd.o
                                 0x12 (size before relaxing)
 .comment       0x00000011       0x12 ./main.o
 .comment       0x00000011       0x12 /Users/nicolasdubus/Downloads/CEG4166FreeRTOSProjects/FreeRTOS801/Release/libFreeRTOS801.a(serial.o)
 .comment       0x00000011       0x12 /Users/nicolasdubus/Downloads/CEG4166FreeRTOSProjects/FreeRTOS801/Release/libFreeRTOS801.a(heap_4.o)
 .comment       0x00000011       0x12 /Users/nicolasdubus/Downloads/CEG4166FreeRTOSProjects/FreeRTOS801/Release/libFreeRTOS801.a(tasks.o)
 .comment       0x00000011       0x12 /Users/nicolasdubus/Downloads/CEG4166FreeRTOSProjects/FreeRTOS801/Release/libFreeRTOS801.a(port.o)
 .comment       0x00000011       0x12 /Users/nicolasdubus/Downloads/CEG4166FreeRTOSProjects/FreeRTOS801/Release/libFreeRTOS801.a(system_time.o)
 .comment       0x00000011       0x12 /Users/nicolasdubus/Downloads/CEG4166FreeRTOSProjects/FreeRTOS801/Release/libFreeRTOS801.a(list.o)
 .comment       0x00000011       0x12 /Users/nicolasdubus/Downloads/CEG4166FreeRTOSProjects/FreeRTOS801/Release/libFreeRTOS801.a(runtTimeStatsTimer.o)
 .comment       0x00000011       0x12 /Applications/Arduino.app/Contents/Java/hardware/tools/avr/bin/../lib/gcc/avr/4.8.1/../../../../avr/lib/avr6/libc.a(sprintf.o)
 .comment       0x00000011       0x12 /Applications/Arduino.app/Contents/Java/hardware/tools/avr/bin/../lib/gcc/avr/4.8.1/../../../../avr/lib/avr6/libc.a(vsnprintf.o)
 .comment       0x00000011       0x12 /Applications/Arduino.app/Contents/Java/hardware/tools/avr/bin/../lib/gcc/avr/4.8.1/../../../../avr/lib/avr6/libc.a(vsnprintf_p.o)
 .comment       0x00000011       0x12 /Applications/Arduino.app/Contents/Java/hardware/tools/avr/bin/../lib/gcc/avr/4.8.1/../../../../avr/lib/avr6/libc.a(vfprintf_std.o)
 .comment       0x00000011       0x12 /Applications/Arduino.app/Contents/Java/hardware/tools/avr/bin/../lib/gcc/avr/4.8.1/../../../../avr/lib/avr6/libc.a(fputc.o)

.note.gnu.build-id
 *(.note.gnu.build-id)

.debug
 *(.debug)

.line
 *(.line)

.debug_srcinfo
 *(.debug_srcinfo)

.debug_sfnames
 *(.debug_sfnames)

.debug_aranges
 *(.debug_aranges)

.debug_pubnames
 *(.debug_pubnames)

.debug_info
 *(.debug_info .gnu.linkonce.wi.*)

.debug_abbrev
 *(.debug_abbrev)

.debug_line
 *(.debug_line .debug_line.* .debug_line_end)

.debug_frame
 *(.debug_frame)

.debug_str
 *(.debug_str)

.debug_loc
 *(.debug_loc)

.debug_macinfo
 *(.debug_macinfo)

.debug_weaknames
 *(.debug_weaknames)

.debug_funcnames
 *(.debug_funcnames)

.debug_typenames
 *(.debug_typenames)

.debug_varnames
 *(.debug_varnames)

.debug_pubtypes
 *(.debug_pubtypes)

.debug_ranges
 *(.debug_ranges)

.debug_macro
 *(.debug_macro)
OUTPUT(EmptyProject.elf elf32-avr)
LOAD linker stubs
